Component: ARM Compiler 5.05 update 1 (build 106) Tool: armlink [4d0efa]

==============================================================================

Section Cross References

    app.o(.text) refers to app.o(.bss) for App
    app.o(.text) refers to system.o(.data) for AppDataPointer
    app.o(.text) refers to logic.o(.text) for LogicTask
    app.o(.text) refers to menu.o(.text) for MenuTask
    logic.o(.text) refers to pid.o(.text) for PidSystick100
    logic.o(.text) refers to printfa.o(i.__0printf) for __2printf
    logic.o(.text) refers to app.o(.bss) for App
    logic.o(.text) refers to system.o(.data) for System
    logic.o(.text) refers to logic.o(.data) for Counter
    menu.o(.text) refers to system.o(.data) for System
    menu.o(.text) refers to app.o(.bss) for App
    menu.o(.text) refers to menu.o(.conststring) for .conststring
    menu.o(.text) refers to menu.o(.bss) for SetValueTextBox
    menu.o(.text) refers to menu.o(.constdata) for PidOnOffString
    menu.o(.text) refers to menu.o(.data) for MenuSystick
    menu.o(.constdata) refers to menu.o(.conststring) for .conststring
    system.o(.text) refers to printfa.o(i.__0printf) for __2printf
    system.o(.text) refers to gui.o(.text) for InitGui
    system.o(.text) refers to os.o(.text) for InitOs
    system.o(.text) refers to device.o(.text) for InitDevice
    system.o(.text) refers to modbus.o(.text) for InitModbus
    system.o(.text) refers to system.o(.constdata) for HextoAscii
    system.o(.text) refers to system.o(.data) for System
    system.o(.data) refers to system.o(.text) for Init
    os.o(.emb_text) refers to os.o(.data) for CurrentTaskPointer
    os.o(.text) refers to os.o(.emb_text) for InitPsp
    os.o(.text) refers to os.o(.bss) for LogicTaskStack
    os.o(.text) refers to os.o(.data) for CurrentTaskPointer
    os.o(.text) refers to system.o(.data) for System
    gui.o(.text) refers to ffltui.o(.text) for __aeabi_ui2f
    gui.o(.text) refers to fadd.o(.text) for __aeabi_fadd
    gui.o(.text) refers to fmul.o(.text) for __aeabi_fmul
    gui.o(.text) refers to ffixi.o(.text) for __aeabi_f2iz
    gui.o(.text) refers to printfa.o(i.__0sprintf) for __2sprintf
    gui.o(.text) refers to fflti.o(.text) for __aeabi_i2f
    gui.o(.text) refers to f2d.o(.text) for __aeabi_f2d
    gui.o(.text) refers to dflti.o(.text) for __aeabi_i2d
    gui.o(.text) refers to dadd.o(.text) for __aeabi_dadd
    gui.o(.text) refers to dmul.o(.text) for __aeabi_dmul
    gui.o(.text) refers to dfixi.o(.text) for __aeabi_d2iz
    gui.o(.text) refers to dfltui.o(.text) for __aeabi_ui2d
    gui.o(.text) refers to dfixui.o(.text) for __aeabi_d2uiz
    gui.o(.text) refers to system.o(.text) for HexToAscii
    gui.o(.text) refers to ffixui.o(.text) for __aeabi_f2uiz
    gui.o(.text) refers to strlen.o(.text) for strlen
    gui.o(.text) refers to memseta.o(.text) for __aeabi_memset
    gui.o(.text) refers to memcpya.o(.text) for __aeabi_memcpy
    gui.o(.text) refers to gui.o(.bss) for GuiLcd
    gui.o(.text) refers to gui.o(.data) for FocusFormPointer
    gui.o(.text) refers to printfa.o(i.__0printf) for __2printf
    gui.o(.text) refers to printfa.o(i.__0vsprintf) for __c89vsprintf
    gui.o(.text) refers to system.o(.data) for System
    gui.o(.text) refers to cfrcmple.o(.text) for __aeabi_cfrcmple
    gui.o(.text) refers to cfcmple.o(.text) for __aeabi_cfcmple
    modbus.o(.text) refers to modbus_slave.o(.text) for InitSlaveModbus
    modbus.o(.text) refers to modbus.o(.constdata) for CrcHighBlock
    modbus_slave.o(.text) refers to modbus.o(.text) for Crc16
    modbus_slave.o(.text) refers to system.o(.data) for System
    modbus_slave.o(.text) refers to modbus_slave.o(.bss) for RxdBuffer
    modbus_slave.o(.text) refers to modbus_slave.o(.data) for DoBlock
    device.o(.text) refers to device_usart1.o(.text) for InitUsart1
    device.o(.text) refers to device_usart2.o(.text) for InitUsart2
    device.o(.text) refers to device_adc.o(.text) for InitAdc
    device.o(.text) refers to device_di.o(.text) for InitDI
    device.o(.text) refers to device_do.o(.text) for InitDO
    device.o(.text) refers to device_key.o(.text) for InitKey
    device.o(.text) refers to device_lcd.o(.text) for InitLcd
    device.o(.text) refers to device_timer.o(.text) for InitTimer
    device.o(.text) refers to device_storage.o(.text) for InitStorage
    device.o(.text) refers to device_misc.o(.text) for InitMisc
    device.o(.text) refers to device_systick.o(.text) for InitSystick
    device.o(.text) refers to misc.o(.text) for NVIC_PriorityGroupConfig
    device_adc.o(.text) refers to ffltui.o(.text) for __aeabi_ui2f
    device_adc.o(.text) refers to fdiv.o(.text) for __aeabi_fdiv
    device_adc.o(.text) refers to f2d.o(.text) for __aeabi_f2d
    device_adc.o(.text) refers to dmul.o(.text) for __aeabi_dmul
    device_adc.o(.text) refers to dadd.o(.text) for __aeabi_drsub
    device_adc.o(.text) refers to ddiv.o(.text) for __aeabi_ddiv
[...]
    .ARM.Collect$$$$0000000D                 0x080000fc   Section        0  entry10a.o(.ARM.Collect$$$$0000000D)
    .ARM.Collect$$$$0000000F                 0x080000fc   Section        0  entry11a.o(.ARM.Collect$$$$0000000F)
    .ARM.Collect$$$$00002712                 0x080000fc   Section        4  entry2.o(.ARM.Collect$$$$00002712)
    __lit__00000000                          0x080000fc   Data           4  entry2.o(.ARM.Collect$$$$00002712)
    .emb_text                                0x08000100   Section       58  os.o(.emb_text)
    .text                                    0x0800013c   Section        0  app.o(.text)
    InitData                                 0x0800013d   Thumb Code   176  app.o(.text)
    .text                                    0x0800023c   Section        0  logic.o(.text)
    FormFocusProcess                         0x0800023d   Thumb Code    40  logic.o(.text)
    StopDefaultProcess                       0x080002a3   Thumb Code    22  logic.o(.text)
    TextBoxKeyProcess                        0x080002b9   Thumb Code    66  logic.o(.text)
    AppSystick100                            0x08000469   Thumb Code     2  logic.o(.text)
    InitLogic                                0x0800046b   Thumb Code    50  logic.o(.text)
    .text                                    0x08000520   Section        0  menu.o(.text)
    InitLogoForm                             0x08000521   Thumb Code    24  menu.o(.text)
    InitPidForm                              0x08000539   Thumb Code   320  menu.o(.text)
    .text                                    0x080006f8   Section        0  system.o(.text)
    Init                                     0x0800076b   Thumb Code    42  system.o(.text)
    .text                                    0x080007bc   Section        0  os.o(.text)
    InitStack                                0x080007bd   Thumb Code   154  os.o(.text)
    InitTask                                 0x08000857   Thumb Code    10  os.o(.text)
    CreateLogicTask                          0x08000861   Thumb Code    24  os.o(.text)
    CreateMenuTask                           0x08000879   Thumb Code    24  os.o(.text)
    Schedule                                 0x08000891   Thumb Code    22  os.o(.text)
    SystickRoutine                           0x080008a7   Thumb Code    32  os.o(.text)
    Start                                    0x080008c7   Thumb Code    38  os.o(.text)
    PostMessageQueue                         0x080008ed   Thumb Code   158  os.o(.text)
    PendMessageQueue                         0x0800098b   Thumb Code   164  os.o(.text)
    DelayMs                                  0x08000a2f   Thumb Code    20  os.o(.text)
    .text                                    0x08000acc   Section        0  gui.o(.text)
    LabelToGuiLcd                            0x08000acd   Thumb Code  1034  gui.o(.text)
    ParseBackText                            0x08000ed7   Thumb Code    58  gui.o(.text)
    ParseChart                               0x08000f11   Thumb Code    92  gui.o(.text)
    ParseLabel                               0x08000f6d   Thumb Code    24  gui.o(.text)
    ParseTextBox                             0x08000f85   Thumb Code    68  gui.o(.text)
    ParseMessage                             0x08000fc9   Thumb Code    42  gui.o(.text)
    Update                                   0x08000ff3   Thumb Code    84  gui.o(.text)
    Parse                                    0x08001047   Thumb Code    34  gui.o(.text)
    InitForm                                 0x08001069   Thumb Code    14  gui.o(.text)
    AddLabel                                 0x08001077   Thumb Code    30  gui.o(.text)
    AddTextBox                               0x08001095   Thumb Code    60  gui.o(.text)
    AddMessage                               0x080010d1   Thumb Code   100  gui.o(.text)
    DeleteMessage                            0x08001135   Thumb Code    14  gui.o(.text)
    SwitchTextBoxFocus                       0x08001143   Thumb Code    40  gui.o(.text)
    ModifyTextBoxData                        0x0800116b   Thumb Code   564  gui.o(.text)
    .text                                    0x08001418   Section        0  modbus.o(.text)
    .text                                    0x08001460   Section        0  modbus_slave.o(.text)
    Response                                 0x08001461   Thumb Code    46  modbus_slave.o(.text)
    ReadDo                                   0x0800148f   Thumb Code   164  modbus_slave.o(.text)
    ReadDi                                   0x08001533   Thumb Code   158  modbus_slave.o(.text)
    ReadAdc                                  0x080015d1   Thumb Code   116  modbus_slave.o(.text)
    ReadReg                                  0x08001645   Thumb Code   116  modbus_slave.o(.text)
    WriteOneDo                               0x080016b9   Thumb Code    74  modbus_slave.o(.text)
    WriteDo                                  0x08001703   Thumb Code    92  modbus_slave.o(.text)
    WriteOneReg                              0x0800175f   Thumb Code    50  modbus_slave.o(.text)
    WriteReg                                 0x08001791   Thumb Code    96  modbus_slave.o(.text)
    Reset                                    0x080017f1   Thumb Code    16  modbus_slave.o(.text)
    Receive                                  0x08001801   Thumb Code    44  modbus_slave.o(.text)
    ParseRxdFrame                            0x0800182d   Thumb Code   280  modbus_slave.o(.text)
    SystickRoutine                           0x08001945   Thumb Code    40  modbus_slave.o(.text)
    .text                                    0x080019a0   Section        0  device.o(.text)
    NVIC_SetPriority                         0x080019a1   Thumb Code    32  device.o(.text)
    .text                                    0x08001a14   Section        0  device_adc.o(.text)
    InitRegisterBlock                        0x08001a15   Thumb Code    20  device_adc.o(.text)
    Register                                 0x08001a29   Thumb Code     8  device_adc.o(.text)
    PortRegister                             0x08001a31   Thumb Code    42  device_adc.o(.text)
    .text                                    0x08001cac   Section        0  device_di.o(.text)
    .text                                    0x08001d50   Section        0  device_do.o(.text)
    Config                                   0x08001d51   Thumb Code    92  device_do.o(.text)
    Open                                     0x08001e1b   Thumb Code    86  device_do.o(.text)
    Close                                    0x08001e71   Thumb Code    86  device_do.o(.text)
    SetDutyRatio                             0x08001ec7   Thumb Code    78  device_do.o(.text)
    SetParameter                             0x08001f15   Thumb Code   394  device_do.o(.text)
    .text                                    0x08002128   Section        0  device_key.o(.text)
    RemapKey                                 0x08002129   Thumb Code    76  device_key.o(.text)
    RemapLongKey                             0x08002175   Thumb Code    76  device_key.o(.text)
    EnableKey                                0x080021c1   Thumb Code     6  device_key.o(.text)
    .text                                    0x0800245c   Section        0  device_lcd.o(.text)
    SendInstruct                             0x0800245d   Thumb Code   120  device_lcd.o(.text)
    SendData                                 0x080024d5   Thumb Code   120  device_lcd.o(.text)
    LcdDisplayString                         0x0800254d   Thumb Code    36  device_lcd.o(.text)
    .text                                    0x08002600   Section        0  device_rtc.o(.text)
    .text                                    0x080026b4   Section        0  device_timer.o(.text)
    Start                                    0x08002723   Thumb Code    62  device_timer.o(.text)
    Stop                                     0x08002761   Thumb Code    16  device_timer.o(.text)
    .text                                    0x08002798   Section        0  device_storage.o(.text)
    Open                                     0x08002799   Thumb Code    14  device_storage.o(.text)
    Close                                    0x080027a7   Thumb Code     8  device_storage.o(.text)
    ReadAllParameter                         0x080027af   Thumb Code   304  device_storage.o(.text)
    WriteParameter                           0x080028df   Thumb Code    88  device_storage.o(.text)
    ReadLogProfile                           0x08002937   Thumb Code   112  device_storage.o(.text)
    EraseLog                                 0x080029a7   Thumb Code    44  device_storage.o(.text)
    ReadLog                                  0x080029d3   Thumb Code   148  device_storage.o(.text)
    WriteLog                                 0x08002a67   Thumb Code   138  device_storage.o(.text)
    .text                                    0x08002c08   Section        0  device_systick.o(.text)
    RegisterSystick                          0x08002c09   Thumb Code   120  device_systick.o(.text)
    .text                                    0x08002dcc   Section        0  device_usart1.o(.text)
    InitQueue                                0x08002dcd   Thumb Code    30  device_usart1.o(.text)
    WriteByte                                0x08002deb   Thumb Code    92  device_usart1.o(.text)
    Write                                    0x08002e47   Thumb Code    46  device_usart1.o(.text)
    Open                                     0x08002f27   Thumb Code    24  device_usart1.o(.text)
    Close                                    0x08002f3f   Thumb Code    24  device_usart1.o(.text)
    .text                                    0x08003030   Section        0  device_usart2.o(.text)
    UsartDummy                               0x08003031   Thumb Code     2  device_usart2.o(.text)
    Register                                 0x08003033   Thumb Code     6  device_usart2.o(.text)
    Write                                    0x08003063   Thumb Code    38  device_usart2.o(.text)
    .text                                    0x08003198   Section        0  device_misc.o(.text)
    SetBeep                                  0x08003199   Thumb Code     6  device_misc.o(.text)
    .text                                    0x080031e0   Section        0  system_stm32f10x.o(.text)
    SetSysClockTo72                          0x080031e1   Thumb Code   214  system_stm32f10x.o(.text)
    SetSysClock                              0x080032b7   Thumb Code     8  system_stm32f10x.o(.text)
    .text                                    0x080033c0   Section       36  startup_stm32f10x_md.o(.text)
    .text                                    0x080033e4   Section        0  stm32f10x_usart.o(.text)
    .text                                    0x080037ec   Section        0  misc.o(.text)
    .text                                    0x080038c8   Section        0  stm32f10x_gpio.o(.text)
    .text                                    0x08003c24   Section        0  stm32f10x_rcc.o(.text)
    .text                                    0x08003fc8   Section        0  stm32f10x_flash.o(.text)
    .text                                    0x08004584   Section        0  stm32f10x_adc.o(.text)
    .text                                    0x080049d4   Section        0  stm32f10x_dma.o(.text)
    .text                                    0x08004c28   Section        0  stm32f10x_tim.o(.text)
    TI4_Config                               0x080050cf   Thumb Code   130  stm32f10x_tim.o(.text)
    TI3_Config                               0x08005163   Thumb Code   122  stm32f10x_tim.o(.text)
    TI2_Config                               0x080051f7   Thumb Code   130  stm32f10x_tim.o(.text)
    TI1_Config                               0x0800528b   Thumb Code   108  stm32f10x_tim.o(.text)
    .text                                    0x08005a44   Section        0  pid.o(.text)
    AdcReadTemp                              0x08005a45   Thumb Code    60  pid.o(.text)
    ErrValueCount                            0x08005a81   Thumb Code    24  pid.o(.text)
    .text                                    0x08005e50   Section        0  memcpya.o(.text)
    .text                                    0x08005e74   Section        0  memseta.o(.text)
    .text                                    0x08005e98   Section        0  strlen.o(.text)
    .text                                    0x08005ea6   Section        0  fadd.o(.text)
    .text                                    0x08005f56   Section        0  fmul.o(.text)
    .text                                    0x08005fba   Section        0  fdiv.o(.text)
    .text                                    0x08006036   Section        0  dadd.o(.text)
    .text                                    0x08006184   Section        0  dmul.o(.text)
    .text                                    0x08006268   Section        0  ddiv.o(.text)
    .text                                    0x08006346   Section        0  fflti.o(.text)
    .text                                    0x08006358   Section        0  ffltui.o(.text)
    .text                                    0x08006362   Section        0  dflti.o(.text)
    .text                                    0x08006384   Section        0  dfltui.o(.text)
    .text                                    0x0800639e   Section        0  ffixi.o(.text)
    .text                                    0x080063d0   Section        0  ffixui.o(.text)
    .text                                    0x080063f8   Section        0  dfixi.o(.text)
    .text                                    0x08006436   Section        0  dfixui.o(.text)
    .text                                    0x08006468   Section        0  f2d.o(.text)
    .text                                    0x08006490   Section       48  cdcmple.o(.text)
    .text                                    0x080064c0   Section       48  cdrcmple.o(.text)
    .text                                    0x080064f0   Section        0  d2f.o(.text)
    .text                                    0x08006528   Section       20  cfcmple.o(.text)
    .text                                    0x0800653c   Section       20  cfrcmple.o(.text)
    .text                                    0x08006550   Section        0  uidiv.o(.text)
    .text                                    0x0800657c   Section        0  uldiv.o(.text)
    .text                                    0x080065de   Section        0  llshl.o(.text)
    .text                                    0x080065fc   Section        0  llushr.o(.text)
    .text                                    0x0800661c   Section        0  llsshr.o(.text)
    .text                                    0x08006640   Section        0  iusefp.o(.text)
    .text                                    0x08006640   Section        0  fepilogue.o(.text)
    .text                                    0x080066ae   Section        0  depilogue.o(.text)
    .text                                    0x08006768   Section        0  dfixul.o(.text)
    .text                                    0x08006798   Section       36  init.o(.text)
    .text                                    0x080067bc   Section        0  __dczerorl2.o(.text)
    i.__0printf                              0x08006814   Section        0  printfa.o(i.__0printf)
    i.__0sprintf                             0x08006834   Section        0  printfa.o(i.__0sprintf)
    i.__0vsprintf                            0x0800685c   Section        0  printfa.o(i.__0vsprintf)
    i.__scatterload_copy                     0x08006880   Section       14  handlers.o(i.__scatterload_copy)
    i.__scatterload_null                     0x0800688e   Section        2  handlers.o(i.__scatterload_null)
    i.__scatterload_zeroinit                 0x08006890   Section       14  handlers.o(i.__scatterload_zeroinit)
    i._fp_digits                             0x080068a0   Section        0  printfa.o(i._fp_digits)
    _fp_digits                               0x080068a1   Thumb Code   334  printfa.o(i._fp_digits)
    i._printf_core                           0x08006a04   Section        0  printfa.o(i._printf_core)
    _printf_core                             0x08006a05   Thumb Code  1744  printfa.o(i._printf_core)
    i._printf_post_padding                   0x080070e0   Section        0  printfa.o(i._printf_post_padding)
    _printf_post_padding                     0x080070e1   Thumb Code    36  printfa.o(i._printf_post_padding)
    i._printf_pre_padding                    0x08007104   Section        0  printfa.o(i._printf_pre_padding)
    _printf_pre_padding                      0x08007105   Thumb Code    46  printfa.o(i._printf_pre_padding)
    i._sputc                                 0x08007132   Section        0  printfa.o(i._sputc)
    _sputc                                   0x08007133   Thumb Code    10  printfa.o(i._sputc)
    .constdata                               0x0800713c   Section        8  menu.o(.constdata)
    PidOnOffString                           0x0800713c   Data           8  menu.o(.constdata)
    .constdata                               0x08007144   Section       16  system.o(.constdata)
    HextoAscii                               0x08007144   Data          16  system.o(.constdata)
    .constdata                               0x08007154   Section      512  modbus.o(.constdata)
    .constdata                               0x08007354   Section        4  device_lcd.o(.constdata)
    .conststring                             0x08007358   Section      143  menu.o(.conststring)
    .data                                    0x20000000   Section        1  logic.o(.data)
    Counter                                  0x20000000   Data           1  logic.o(.data)
    .data                                    0x20000004   Section        4  menu.o(.data)
    MenuSystick                              0x20000004   Data           4  menu.o(.data)
    .data                                    0x20000008   Section      184  system.o(.data)
    .data                                    0x200000c0   Section        8  os.o(.data)
    .data                                    0x200000c8   Section        5  gui.o(.data)
    FocusFormPointer                         0x200000c8   Data           4  gui.o(.data)
    Counter                                  0x200000cc   Data           1  gui.o(.data)
    .data                                    0x200000d0   Section       78  modbus_slave.o(.data)
    DoBlock                                  0x200000d0   Data          24  modbus_slave.o(.data)
    DiBlock                                  0x200000e8   Data          16  modbus_slave.o(.data)
    AdcBlock                                 0x200000f8   Data          16  modbus_slave.o(.data)
    RegBlock                                 0x20000108   Data          16  modbus_slave.o(.data)
    RxdState                                 0x20000118   Data           1  modbus_slave.o(.data)
    RxdCounter                               0x2000011a   Data           2  modbus_slave.o(.data)
    RxdTimeout                               0x2000011c   Data           2  modbus_slave.o(.data)
    .data                                    0x2000011e   Section       10  device_adc.o(.data)
    Adc                                      0x2000011e   Data           8  device_adc.o(.data)
    NullValue                                0x20000126   Data           2  device_adc.o(.data)
    .data                                    0x20000128   Section       16  device_key.o(.data)
    Scan                                     0x20000128   Data           1  device_key.o(.data)
    ScanCounter                              0x2000012c   Data           4  device_key.o(.data)
    Enable                                   0x20000130   Data           1  device_key.o(.data)
    Key                                      0x20000131   Data           1  device_key.o(.data)
    StateCounter                             0x20000134   Data           4  device_key.o(.data)
    .data                                    0x20000138   Section        1  device_rtc.o(.data)
    Counter                                  0x20000138   Data           1  device_rtc.o(.data)
    .data                                    0x2000013c   Section        8  device_timer.o(.data)
    State                                    0x2000013c   Data           4  device_timer.o(.data)
    Mode                                     0x20000140   Data           4  device_timer.o(.data)
    .data                                    0x20000144   Section       12  device_storage.o(.data)
    CellBlock                                0x20000144   Data           4  device_storage.o(.data)
    Parameter                                0x20000148   Data           8  device_storage.o(.data)
    .data                                    0x20000150   Section       68  device_systick.o(.data)
    Systick10000RegisterPointerBlock         0x20000150   Data           8  device_systick.o(.data)
    Systick1000RegisterPointerBlock          0x20000158   Data          16  device_systick.o(.data)
    Systick100RegisterPointerBlock           0x20000168   Data          40  device_systick.o(.data)
    Systick100Counter                        0x20000190   Data           1  device_systick.o(.data)
    Systick1000Counter                       0x20000191   Data           1  device_systick.o(.data)
    Systick10000Counter                      0x20000192   Data           1  device_systick.o(.data)
    Counter                                  0x20000193   Data           1  device_systick.o(.data)
    .data                                    0x20000194   Section        4  device_usart2.o(.data)
    Rxd                                      0x20000194   Data           4  device_usart2.o(.data)
    .data                                    0x20000198   Section       20  system_stm32f10x.o(.data)
    .data                                    0x200001ac   Section       20  stm32f10x_rcc.o(.data)
    APBAHBPrescTable                         0x200001ac   Data          16  stm32f10x_rcc.o(.data)
    ADCPrescTable                            0x200001bc   Data           4  stm32f10x_rcc.o(.data)
    .data                                    0x200001c0   Section        4  pid.o(.data)
    TempData                                 0x200001c0   Data           4  pid.o(.data)
    .data                                    0x200001c4   Section        4  stdout.o(.data)
    .bss                                     0x200001c8   Section      288  app.o(.bss)
    .bss                                     0x200002e8   Section      228  menu.o(.bss)
    SetValueTextBox                          0x200002e8   Data          44  menu.o(.bss)
    DutyRatioTextBox                         0x20000314   Data          44  menu.o(.bss)
    ReadValueLabel                           0x20000340   Data          28  menu.o(.bss)
    KPLabel                                  0x2000035c   Data          28  menu.o(.bss)
    KILabel                                  0x20000378   Data          28  menu.o(.bss)
    ErrValueLabel                            0x20000394   Data          28  menu.o(.bss)
    PidOnOffLabel                            0x200003b0   Data          28  menu.o(.bss)
    .bss                                     0x200003d0   Section     3408  os.o(.bss)
    MessageQueue                             0x200003d0   Data          20  os.o(.bss)
    QueueBuffer                              0x200003e4   Data         160  os.o(.bss)
    LogicTaskStack                           0x20000488   Data        1600  os.o(.bss)
    MenuTaskStack                            0x20000ac8   Data        1600  os.o(.bss)
    LogicTask                                0x20001108   Data          12  os.o(.bss)
    MenuTask                                 0x20001114   Data          12  os.o(.bss)
    .bss                                     0x20001120   Section      288  gui.o(.bss)
    VirtualLcd                               0x20001120   Data          64  gui.o(.bss)
    GuiLcd                                   0x20001160   Data          64  gui.o(.bss)
    MessageBuffer                            0x200011a0   Data         160  gui.o(.bss)
    .bss                                     0x20001240   Section      512  modbus_slave.o(.bss)
    TxdBuffer                                0x20001240   Data         256  modbus_slave.o(.bss)
    RxdBuffer                                0x20001340   Data         256  modbus_slave.o(.bss)
    .bss                                     0x20001440   Section      100  device_adc.o(.bss)
    DmaBuffer                                0x20001440   Data          80  device_adc.o(.bss)
    RegisterPointerBlock                     0x20001490   Data          20  device_adc.o(.bss)
    .bss                                     0x200014a4   Section       64  device_timer.o(.bss)
    TimerBlock                               0x200014a4   Data          64  device_timer.o(.bss)
    .bss                                     0x200014e4   Section       12  device_storage.o(.bss)
    Log                                      0x200014e4   Data          12  device_storage.o(.bss)
    .bss                                     0x200014f0   Section     1020  device_usart1.o(.bss)
    TxdQueue                                 0x200014f0   Data          20  device_usart1.o(.bss)
    TxdBuffer                                0x20001504   Data        1000  device_usart1.o(.bss)
    .bss                                     0x200018ec   Section       24  pid.o(.bss)
    STACK                                    0x20001908   Section     1024  startup_stm32f10x_md.o(STACK)

    Global Symbols

    Symbol Name                              Value     Ov Type        Size  Object(Section)

    BuildAttributes$$THM_ISAv4$P$D$K$B$S$PE$A:L22UL41UL21$X:L11$S22US41US21$IEEE1$IW$USESV6$~STKCKD$USESV7$~SHL$OTIME$ROPI$EBA8$MICROLIB$REQ8$PRES8$EABIv2 0x00000000   Number         0  anon$$obj.o ABSOLUTE
    __ARM_use_no_argv                        0x00000000   Number         0  app.o ABSOLUTE
    _printf_a                                0x00000000   Number         0  stubs.o ABSOLUTE
    _printf_c                                0x00000000   Number         0  stubs.o ABSOLUTE
    _printf_charcount                        0x00000000   Number         0  stubs.o ABSOLUTE
    _printf_d                                0x00000000   Number         0  stubs.o ABSOLUTE
    _printf_e                                0x00000000   Number         0  stubs.o ABSOLUTE
    _printf_f                                0x00000000   Number         0  stubs.o ABSOLUTE
    _printf_flags                            0x00000000   Number         0  stubs.o ABSOLUTE
    _printf_fp_dec                           0x00000000   Number         0  stubs.o ABSOLUTE
    _printf_fp_hex                           0x00000000   Number         0  stubs.o ABSOLUTE
    _printf_g                                0x00000000   Number         0  stubs.o ABSOLUTE
    _printf_i                                0x00000000   Number         0  stubs.o ABSOLUTE
    _printf_int_dec                          0x00000000   Number         0  stubs.o ABSOLUTE
    _printf_l                                0x00000000   Number         0  stubs.o ABSOLUTE
    _printf_lc                               0x00000000   Number         0  stubs.o ABSOLUTE
    _printf_ll                               0x00000000   Number         0  stubs.o ABSOLUTE
    _printf_lld                              0x00000000   Number         0  stubs.o ABSOLUTE
    _printf_lli                              0x00000000   Number         0  stubs.o ABSOLUTE
    _printf_llo                              0x00000000   Number         0  stubs.o ABSOLUTE
    _printf_llu                              0x00000000   Number         0  stubs.o ABSOLUTE
    _printf_llx                              0x00000000   Number         0  stubs.o ABSOLUTE
    _printf_longlong_dec                     0x00000000   Number         0  stubs.o ABSOLUTE
    _printf_longlong_hex                     0x00000000   Number         0  stubs.o ABSOLUTE
    _printf_longlong_oct                     0x00000000   Number         0  stubs.o ABSOLUTE
    _printf_ls                               0x00000000   Number         0  stubs.o ABSOLUTE
    _printf_mbtowc                           0x00000000   Number         0  stubs.o ABSOLUTE
    _printf_n                                0x00000000   Number         0  stubs.o ABSOLUTE
    _printf_o                                0x00000000   Number         0  stubs.o ABSOLUTE
    _printf_p                                0x00000000   Number         0  stubs.o ABSOLUTE
    _printf_percent                          0x00000000   Number         0  stubs.o ABSOLUTE
    _printf_pre_padding                      0x00000000   Number         0  stubs.o ABSOLUTE
    _printf_return_value                     0x00000000   Number         0  stubs.o ABSOLUTE
    _printf_s                                0x00000000   Number         0  stubs.o ABSOLUTE
    _printf_sizespec                         0x00000000   Number         0  stubs.o ABSOLUTE
    _printf_str                              0x00000000   Number         0  stubs.o ABSOLUTE
    _printf_truncate_signed                  0x00000000   Number         0  stubs.o ABSOLUTE
    _printf_truncate_unsigned                0x00000000   Number         0  stubs.o ABSOLUTE
    _printf_u                                0x00000000   Number         0  stubs.o ABSOLUTE
    _printf_wc                               0x00000000   Number         0  stubs.o ABSOLUTE
    _printf_wctomb                           0x00000000   Number         0  stubs.o ABSOLUTE
    _printf_widthprec                        0x00000000   Number         0  stubs.o ABSOLUTE
    _printf_x                                0x00000000   Number         0  stubs.o ABSOLUTE
    __cpp_initialize__aeabi_                  - Undefined Weak Reference
    __cxa_finalize                            - Undefined Weak Reference
    _clock_init                               - Undefined Weak Reference
    _microlib_exit                            - Undefined Weak Reference
    __Vectors_Size                           0x000000ec   Number         0  startup_stm32f10x_md.o ABSOLUTE
    __Vectors                                0x08000000   Data           4  startup_stm32f10x_md.o(RESET)
    __Vectors_End                            0x080000ec   Data           0  startup_stm32f10x_md.o(RESET)
    __main                                   0x080000ed   Thumb Code     0  entry.o(.ARM.Collect$$$$00000000)
    _main_stk                                0x080000ed   Thumb Code     0  entry2.o(.ARM.Collect$$$$00000001)
    _main_scatterload                        0x080000f1   Thumb Code     0  entry5.o(.ARM.Collect$$$$00000004)
    __main_after_scatterload                 0x080000f5   Thumb Code     0  entry5.o(.ARM.Collect$$$$00000004)
    _main_clock                              0x080000f5   Thumb Code     0  entry7b.o(.ARM.Collect$$$$00000008)
    _main_cpp_init                           0x080000f5   Thumb Code     0  entry8b.o(.ARM.Collect$$$$0000000A)
    _main_init                               0x080000f5   Thumb Code     0  entry9a.o(.ARM.Collect$$$$0000000B)
    __rt_final_cpp                           0x080000fd   Thumb Code     0  entry10a.o(.ARM.Collect$$$$0000000D)
    __rt_final_exit                          0x080000fd   Thumb Code     0  entry11a.o(.ARM.Collect$$$$0000000F)
    PendSV_Handler                           0x08000101   Thumb Code    44  os.o(.emb_text)
    InitPsp                                  0x08000135   Thumb Code     6  os.o(.emb_text)
    main                                     0x080001ed   Thumb Code    40  app.o(.text)
    SaveProcess                              0x08000265   Thumb Code    34  logic.o(.text)
    LongSaveProcess                          0x08000287   Thumb Code    28  logic.o(.text)
    KeyProcess                               0x080002fb   Thumb Code   366  logic.o(.text)
    LogicTask                                0x0800049d   Thumb Code    90  logic.o(.text)
    InitMenu                                 0x08000679   Thumb Code    12  menu.o(.text)
    MenuTask                                 0x08000685   Thumb Code    62  menu.o(.text)
    Dummy                                    0x080006f9   Thumb Code     2  system.o(.text)
    Delay                                    0x080006fb   Thumb Code    18  system.o(.text)
    DelayUs                                  0x0800070d   Thumb Code    22  system.o(.text)
    DelayMs                                  0x08000723   Thumb Code    24  system.o(.text)
    HexToAscii                               0x0800073b   Thumb Code    28  system.o(.text)
    PostMessage                              0x08000757   Thumb Code    20  system.o(.text)
    InitOs                                   0x08000a43   Thumb Code    66  os.o(.text)
    InitGui                                  0x0800139f   Thumb Code    76  gui.o(.text)
    Crc16                                    0x08001419   Thumb Code    54  modbus.o(.text)
    InitModbus                               0x0800144f   Thumb Code     8  modbus.o(.text)
    InitSlaveModbus                          0x0800196d   Thumb Code    26  modbus_slave.o(.text)
    InitDevice                               0x080019c1   Thumb Code    76  device.o(.text)
    AdcSystick10000Routine                   0x08001a5b   Thumb Code   224  device_adc.o(.text)
    InitAdc                                  0x08001b3b   Thumb Code   306  device_adc.o(.text)
    DiSystick10000Routine                    0x08001cad   Thumb Code    74  device_di.o(.text)
    InitDI                                   0x08001cf7   Thumb Code    78  device_di.o(.text)
    DoSystick10000Routine                    0x08001dad   Thumb Code   110  device_do.o(.text)
    InitDO                                   0x0800209f   Thumb Code    94  device_do.o(.text)
    KeySystick1000Routine                    0x080021c7   Thumb Code   440  device_key.o(.text)
    InitKey                                  0x0800237f   Thumb Code   162  device_key.o(.text)
    InitLcd                                  0x08002571   Thumb Code   120  device_lcd.o(.text)
    RtcSystick100Routine                     0x08002601   Thumb Code   172  device_rtc.o(.text)
    TimerSystick1000Routine                  0x080026b5   Thumb Code   110  device_timer.o(.text)
    InitTimer                                0x08002771   Thumb Code    12  device_timer.o(.text)
    InitStorage                              0x08002af1   Thumb Code    32  device_storage.o(.text)
    SysTick_Handler                          0x08002c81   Thumb Code   190  device_systick.o(.text)
    InitSystick                              0x08002d3f   Thumb Code    90  device_systick.o(.text)
    fputc                                    0x08002e75   Thumb Code    26  device_usart1.o(.text)
    Usart1Systick1000Routine                 0x08002e8f   Thumb Code   102  device_usart1.o(.text)
    USART1_IRQHandler                        0x08002ef5   Thumb Code    50  device_usart1.o(.text)
    InitUsart1                               0x08002f57   Thumb Code   178  device_usart1.o(.text)
    USART2_IRQHandler                        0x08003039   Thumb Code    42  device_usart2.o(.text)
    InitUsart2                               0x08003089   Thumb Code   242  device_usart2.o(.text)
    InitMisc                                 0x0800319f   Thumb Code    50  device_misc.o(.text)
    SystemInit                               0x080032bf   Thumb Code    78  system_stm32f10x.o(.text)
    SystemCoreClockUpdate                    0x0800330d   Thumb Code   142  system_stm32f10x.o(.text)
    Reset_Handler                            0x080033c1   Thumb Code     8  startup_stm32f10x_md.o(.text)
    NMI_Handler                              0x080033c9   Thumb Code     2  startup_stm32f10x_md.o(.text)
    HardFault_Handler                        0x080033cb   Thumb Code     2  startup_stm32f10x_md.o(.text)
    MemManage_Handler                        0x080033cd   Thumb Code     2  startup_stm32f10x_md.o(.text)
    BusFault_Handler                         0x080033cf   Thumb Code     2  startup_stm32f10x_md.o(.text)
    UsageFault_Handler                       0x080033d1   Thumb Code     2  startup_stm32f10x_md.o(.text)
    SVC_Handler                              0x080033d3   Thumb Code     2  startup_stm32f10x_md.o(.text)
    DebugMon_Handler                         0x080033d5   Thumb Code     2  startup_stm32f10x_md.o(.text)
    ADC1_2_IRQHandler                        0x080033db   Thumb Code     0  startup_stm32f10x_md.o(.text)
    CAN1_RX1_IRQHandler                      0x080033db   Thumb Code     0  startup_stm32f10x_md.o(.text)
    CAN1_SCE_IRQHandler                      0x080033db   Thumb Code     0  startup_stm32f10x_md.o(.text)
    DMA1_Channel1_IRQHandler                 0x080033db   Thumb Code     0  startup_stm32f10x_md.o(.text)
    DMA1_Channel2_IRQHandler                 0x080033db   Thumb Code     0  startup_stm32f10x_md.o(.text)
    DMA1_Channel3_IRQHandler                 0x080033db   Thumb Code     0  startup_stm32f10x_md.o(.text)
    DMA1_Channel4_IRQHandler                 0x080033db   Thumb Code     0  startup_stm32f10x_md.o(.text)
    DMA1_Channel5_IRQHandler                 0x080033db   Thumb Code     0  startup_stm32f10x_md.o(.text)
    DMA1_Channel6_IRQHandler                 0x080033db   Thumb Code     0  startup_stm32f10x_md.o(.text)
    DMA1_Channel7_IRQHandler                 0x080033db   Thumb Code     0  startup_stm32f10x_md.o(.text)
    EXTI0_IRQHandler                         0x080033db   Thumb Code     0  startup_stm32f10x_md.o(.text)
    EXTI15_10_IRQHandler                     0x080033db   Thumb Code     0  startup_stm32f10x_md.o(.text)
    EXTI1_IRQHandler                         0x080033db   Thumb Code     0  startup_stm32f10x_md.o(.text)
    EXTI2_IRQHandler                         0x080033db   Thumb Code     0  startup_stm32f10x_md.o(.text)
    EXTI3_IRQHandler                         0x080033db   Thumb Code     0  startup_stm32f10x_md.o(.text)
    EXTI4_IRQHandler                         0x080033db   Thumb Code     0  startup_stm32f10x_md.o(.text)
    EXTI9_5_IRQHandler                       0x080033db   Thumb Code     0  startup_stm32f10x_md.o(.text)
    FLASH_IRQHandler                         0x080033db   Thumb Code     0  startup_stm32f10x_md.o(.text)
    I2C1_ER_IRQHandler                       0x080033db   Thumb Code     0  startup_stm32f10x_md.o(.text)
    I2C1_EV_IRQHandler                       0x080033db   Thumb Code     0  startup_stm32f10x_md.o(.text)
    I2C2_ER_IRQHandler                       0x080033db   Thumb Code     0  startup_stm32f10x_md.o(.text)
    I2C2_EV_IRQHandler                       0x080033db   Thumb Code     0  startup_stm32f10x_md.o(.text)
    PVD_IRQHandler                           0x080033db   Thumb Code     0  startup_stm32f10x_md.o(.text)
    RCC_IRQHandler                           0x080033db   Thumb Code     0  startup_stm32f10x_md.o(.text)
    RTCAlarm_IRQHandler                      0x080033db   Thumb Code     0  startup_stm32f10x_md.o(.text)
    RTC_IRQHandler                           0x080033db   Thumb Code     0  startup_stm32f10x_md.o(.text)
    SPI1_IRQHandler                          0x080033db   Thumb Code     0  startup_stm32f10x_md.o(.text)
    SPI2_IRQHandler                          0x080033db   Thumb Code     0  startup_stm32f10x_md.o(.text)
    TAMPER_IRQHandler                        0x080033db   Thumb Code     0  startup_stm32f10x_md.o(.text)
    TIM1_BRK_IRQHandler                      0x080033db   Thumb Code     0  startup_stm32f10x_md.o(.text)
    TIM1_CC_IRQHandler                       0x080033db   Thumb Code     0  startup_stm32f10x_md.o(.text)
    TIM1_TRG_COM_IRQHandler                  0x080033db   Thumb Code     0  startup_stm32f10x_md.o(.text)
    TIM1_UP_IRQHandler                       0x080033db   Thumb Code     0  startup_stm32f10x_md.o(.text)
    TIM2_IRQHandler                          0x080033db   Thumb Code     0  startup_stm32f10x_md.o(.text)
    TIM3_IRQHandler                          0x080033db   Thumb Code     0  startup_stm32f10x_md.o(.text)
    TIM4_IRQHandler                          0x080033db   Thumb Code     0  startup_stm32f10x_md.o(.text)
    USART3_IRQHandler                        0x080033db   Thumb Code     0  startup_stm32f10x_md.o(.text)
    USBWakeUp_IRQHandler                     0x080033db   Thumb Code     0  startup_stm32f10x_md.o(.text)
    USB_HP_CAN1_TX_IRQHandler                0x080033db   Thumb Code     0  startup_stm32f10x_md.o(.text)
    USB_LP_CAN1_RX0_IRQHandler               0x080033db   Thumb Code     0  startup_stm32f10x_md.o(.text)
    WWDG_IRQHandler                          0x080033db   Thumb Code     0  startup_stm32f10x_md.o(.text)
    USART_DeInit                             0x080033e5   Thumb Code   134  stm32f10x_usart.o(.text)
    USART_Init                               0x0800346b   Thumb Code   210  stm32f10x_usart.o(.text)
    USART_StructInit                         0x0800353d   Thumb Code    24  stm32f10x_usart.o(.text)
    USART_ClockInit                          0x08003555   Thumb Code    34  stm32f10x_usart.o(.text)
    USART_ClockStructInit                    0x08003577   Thumb Code    12  stm32f10x_usart.o(.text)
    USART_Cmd                                0x08003583   Thumb Code    24  stm32f10x_usart.o(.text)
    USART_ITConfig                           0x0800359b   Thumb Code    74  stm32f10x_usart.o(.text)
    USART_DMACmd                             0x080035e5   Thumb Code    18  stm32f10x_usart.o(.text)
    USART_SetAddress                         0x080035f7   Thumb Code    18  stm32f10x_usart.o(.text)
    USART_WakeUpConfig                       0x08003609   Thumb Code    18  stm32f10x_usart.o(.text)
    USART_ReceiverWakeUpCmd                  0x0800361b   Thumb Code    24  stm32f10x_usart.o(.text)
    USART_LINBreakDetectLengthConfig         0x08003633   Thumb Code    18  stm32f10x_usart.o(.text)
    USART_LINCmd                             0x08003645   Thumb Code    24  stm32f10x_usart.o(.text)
    USART_SendData                           0x0800365d   Thumb Code     8  stm32f10x_usart.o(.text)
    USART_ReceiveData                        0x08003665   Thumb Code    10  stm32f10x_usart.o(.text)
    USART_SendBreak                          0x0800366f   Thumb Code    10  stm32f10x_usart.o(.text)
    USART_SetGuardTime                       0x08003679   Thumb Code    16  stm32f10x_usart.o(.text)
    USART_SetPrescaler                       0x08003689   Thumb Code    16  stm32f10x_usart.o(.text)
    USART_SmartCardCmd                       0x08003699   Thumb Code    24  stm32f10x_usart.o(.text)
    USART_SmartCardNACKCmd                   0x080036b1   Thumb Code    24  stm32f10x_usart.o(.text)
    USART_HalfDuplexCmd                      0x080036c9   Thumb Code    24  stm32f10x_usart.o(.text)
    USART_OverSampling8Cmd                   0x080036e1   Thumb Code    22  stm32f10x_usart.o(.text)
    USART_OneBitMethodCmd                    0x080036f7   Thumb Code    24  stm32f10x_usart.o(.text)
    USART_IrDAConfig                         0x0800370f   Thumb Code    18  stm32f10x_usart.o(.text)
    USART_IrDACmd                            0x08003721   Thumb Code    24  stm32f10x_usart.o(.text)
    USART_GetFlagStatus                      0x08003739   Thumb Code    26  stm32f10x_usart.o(.text)
    USART_ClearFlag                          0x08003753   Thumb Code    18  stm32f10x_usart.o(.text)
    USART_GetITStatus                        0x08003765   Thumb Code    84  stm32f10x_usart.o(.text)
    USART_ClearITPendingBit                  0x080037b9   Thumb Code    52  stm32f10x_usart.o(.text)
    NVIC_PriorityGroupConfig                 0x080037ed   Thumb Code    10  misc.o(.text)
    NVIC_Init                                0x080037f7   Thumb Code   100  misc.o(.text)
    NVIC_SetVectorTable                      0x0800385b   Thumb Code    14  misc.o(.text)
    NVIC_SystemLPConfig                      0x08003869   Thumb Code    34  misc.o(.text)
    SysTick_CLKSourceConfig                  0x0800388b   Thumb Code    40  misc.o(.text)
    GPIO_DeInit                              0x080038c9   Thumb Code   172  stm32f10x_gpio.o(.text)
    GPIO_AFIODeInit                          0x08003975   Thumb Code    20  stm32f10x_gpio.o(.text)
    GPIO_Init                                0x08003989   Thumb Code   278  stm32f10x_gpio.o(.text)
    GPIO_StructInit                          0x08003a9f   Thumb Code    16  stm32f10x_gpio.o(.text)
    GPIO_ReadInputDataBit                    0x08003aaf   Thumb Code    18  stm32f10x_gpio.o(.text)
    GPIO_ReadInputData                       0x08003ac1   Thumb Code     8  stm32f10x_gpio.o(.text)
    GPIO_ReadOutputDataBit                   0x08003ac9   Thumb Code    18  stm32f10x_gpio.o(.text)
    GPIO_ReadOutputData                      0x08003adb   Thumb Code     8  stm32f10x_gpio.o(.text)
    GPIO_SetBits                             0x08003ae3   Thumb Code     4  stm32f10x_gpio.o(.text)
    GPIO_ResetBits                           0x08003ae7   Thumb Code     4  stm32f10x_gpio.o(.text)
    GPIO_WriteBit                            0x08003aeb   Thumb Code    10  stm32f10x_gpio.o(.text)
    GPIO_Write                               0x08003af5   Thumb Code     4  stm32f10x_gpio.o(.text)
    GPIO_PinLockConfig                       0x08003af9   Thumb Code    18  stm32f10x_gpio.o(.text)
    GPIO_EventOutputConfig                   0x08003b0b   Thumb Code    26  stm32f10x_gpio.o(.text)
    GPIO_EventOutputCmd                      0x08003b25   Thumb Code     6  stm32f10x_gpio.o(.text)
    GPIO_PinRemapConfig                      0x08003b2b   Thumb Code   138  stm32f10x_gpio.o(.text)
    GPIO_EXTILineConfig                      0x08003bb5   Thumb Code    66  stm32f10x_gpio.o(.text)
    GPIO_ETH_MediaInterfaceConfig            0x08003bf7   Thumb Code     8  stm32f10x_gpio.o(.text)
    RCC_DeInit                               0x08003c25   Thumb Code    64  stm32f10x_rcc.o(.text)
    RCC_HSEConfig                            0x08003c65   Thumb Code    70  stm32f10x_rcc.o(.text)
    RCC_GetFlagStatus                        0x08003cab   Thumb Code    56  stm32f10x_rcc.o(.text)
    RCC_WaitForHSEStartUp                    0x08003ce3   Thumb Code    56  stm32f10x_rcc.o(.text)
    RCC_AdjustHSICalibrationValue            0x08003d1b   Thumb Code    20  stm32f10x_rcc.o(.text)
    RCC_HSICmd                               0x08003d2f   Thumb Code     6  stm32f10x_rcc.o(.text)
    RCC_PLLConfig                            0x08003d35   Thumb Code    24  stm32f10x_rcc.o(.text)
    RCC_PLLCmd                               0x08003d4d   Thumb Code     6  stm32f10x_rcc.o(.text)
    RCC_SYSCLKConfig                         0x08003d53   Thumb Code    18  stm32f10x_rcc.o(.text)
    RCC_GetSYSCLKSource                      0x08003d65   Thumb Code    10  stm32f10x_rcc.o(.text)
    RCC_HCLKConfig                           0x08003d6f   Thumb Code    18  stm32f10x_rcc.o(.text)
    RCC_PCLK1Config                          0x08003d81   Thumb Code    18  stm32f10x_rcc.o(.text)
    RCC_PCLK2Config                          0x08003d93   Thumb Code    20  stm32f10x_rcc.o(.text)
    RCC_ITConfig                             0x08003da7   Thumb Code    26  stm32f10x_rcc.o(.text)
    RCC_USBCLKConfig                         0x08003dc1   Thumb Code     8  stm32f10x_rcc.o(.text)
    RCC_ADCCLKConfig                         0x08003dc9   Thumb Code    18  stm32f10x_rcc.o(.text)
    RCC_LSEConfig                            0x08003ddb   Thumb Code    50  stm32f10x_rcc.o(.text)
    RCC_LSICmd                               0x08003e0d   Thumb Code     6  stm32f10x_rcc.o(.text)
    RCC_RTCCLKConfig                         0x08003e13   Thumb Code    12  stm32f10x_rcc.o(.text)
    RCC_RTCCLKCmd                            0x08003e1f   Thumb Code     8  stm32f10x_rcc.o(.text)
    RCC_GetClocksFreq                        0x08003e27   Thumb Code   192  stm32f10x_rcc.o(.text)
    RCC_AHBPeriphClockCmd                    0x08003ee7   Thumb Code    26  stm32f10x_rcc.o(.text)
    RCC_APB2PeriphClockCmd                   0x08003f01   Thumb Code    26  stm32f10x_rcc.o(.text)
    RCC_APB1PeriphClockCmd                   0x08003f1b   Thumb Code    26  stm32f10x_rcc.o(.text)
    RCC_APB2PeriphResetCmd                   0x08003f35   Thumb Code    26  stm32f10x_rcc.o(.text)
    RCC_APB1PeriphResetCmd                   0x08003f4f   Thumb Code    26  stm32f10x_rcc.o(.text)
    RCC_BackupResetCmd                       0x08003f69   Thumb Code     8  stm32f10x_rcc.o(.text)
    RCC_ClockSecuritySystemCmd               0x08003f71   Thumb Code     6  stm32f10x_rcc.o(.text)
    RCC_MCOConfig                            0x08003f77   Thumb Code     6  stm32f10x_rcc.o(.text)
    RCC_ClearFlag                            0x08003f7d   Thumb Code    14  stm32f10x_rcc.o(.text)
    RCC_GetITStatus                          0x08003f8b   Thumb Code    20  stm32f10x_rcc.o(.text)
    RCC_ClearITPendingBit                    0x08003f9f   Thumb Code     6  stm32f10x_rcc.o(.text)
    FLASH_SetLatency                         0x08003fc9   Thumb Code    18  stm32f10x_flash.o(.text)
    FLASH_HalfCycleAccessCmd                 0x08003fdb   Thumb Code    22  stm32f10x_flash.o(.text)
    FLASH_PrefetchBufferCmd                  0x08003ff1   Thumb Code    22  stm32f10x_flash.o(.text)
    FLASH_Unlock                             0x08004007   Thumb Code    12  stm32f10x_flash.o(.text)
    FLASH_UnlockBank1                        0x08004013   Thumb Code    12  stm32f10x_flash.o(.text)
    FLASH_Lock                               0x0800401f   Thumb Code    14  stm32f10x_flash.o(.text)
    FLASH_LockBank1                          0x0800402d   Thumb Code    14  stm32f10x_flash.o(.text)
    FLASH_GetBank1Status                     0x0800403b   Thumb Code    48  stm32f10x_flash.o(.text)
    FLASH_WaitForLastOperation               0x0800406b   Thumb Code    38  stm32f10x_flash.o(.text)
    FLASH_ErasePage                          0x08004091   Thumb Code    72  stm32f10x_flash.o(.text)
    FLASH_EraseAllPages                      0x080040d9   Thumb Code    68  stm32f10x_flash.o(.text)
    FLASH_WaitForLastBank1Operation          0x0800411d   Thumb Code    38  stm32f10x_flash.o(.text)
    FLASH_EraseAllBank1Pages                 0x08004143   Thumb Code    68  stm32f10x_flash.o(.text)
    FLASH_GetReadOutProtectionStatus         0x08004187   Thumb Code    20  stm32f10x_flash.o(.text)
    FLASH_EraseOptionBytes                   0x0800419b   Thumb Code   150  stm32f10x_flash.o(.text)
    FLASH_ProgramWord                        0x08004231   Thumb Code   102  stm32f10x_flash.o(.text)
    FLASH_ProgramHalfWord                    0x08004297   Thumb Code    60  stm32f10x_flash.o(.text)
    FLASH_ProgramOptionByteData              0x080042d3   Thumb Code    72  stm32f10x_flash.o(.text)
    FLASH_EnableWriteProtection              0x0800431b   Thumb Code   200  stm32f10x_flash.o(.text)
    FLASH_ReadOutProtection                  0x080043e3   Thumb Code   156  stm32f10x_flash.o(.text)
    FLASH_UserOptionByteConfig               0x0800447f   Thumb Code    88  stm32f10x_flash.o(.text)
    FLASH_GetUserOptionByte                  0x080044d7   Thumb Code     8  stm32f10x_flash.o(.text)
    FLASH_GetWriteProtectionOptionByte       0x080044df   Thumb Code     6  stm32f10x_flash.o(.text)
    FLASH_GetPrefetchBufferStatus            0x080044e5   Thumb Code    20  stm32f10x_flash.o(.text)
    FLASH_ITConfig                           0x080044f9   Thumb Code    26  stm32f10x_flash.o(.text)
    FLASH_GetFlagStatus                      0x08004513   Thumb Code    42  stm32f10x_flash.o(.text)
    FLASH_ClearFlag                          0x0800453d   Thumb Code     6  stm32f10x_flash.o(.text)
    FLASH_GetStatus                          0x08004543   Thumb Code    48  stm32f10x_flash.o(.text)
    ADC_DeInit                               0x08004585   Thumb Code    78  stm32f10x_adc.o(.text)
    ADC_Init                                 0x080045d3   Thumb Code    70  stm32f10x_adc.o(.text)
    ADC_StructInit                           0x08004619   Thumb Code    18  stm32f10x_adc.o(.text)
    ADC_Cmd                                  0x0800462b   Thumb Code    22  stm32f10x_adc.o(.text)
    ADC_DMACmd                               0x08004641   Thumb Code    22  stm32f10x_adc.o(.text)
    ADC_ITConfig                             0x08004657   Thumb Code    24  stm32f10x_adc.o(.text)
    ADC_ResetCalibration                     0x0800466f   Thumb Code    10  stm32f10x_adc.o(.text)
    ADC_GetResetCalibrationStatus            0x08004679   Thumb Code    20  stm32f10x_adc.o(.text)
    ADC_StartCalibration                     0x0800468d   Thumb Code    10  stm32f10x_adc.o(.text)
    ADC_GetCalibrationStatus                 0x08004697   Thumb Code    20  stm32f10x_adc.o(.text)
    ADC_SoftwareStartConvCmd                 0x080046ab   Thumb Code    22  stm32f10x_adc.o(.text)
    ADC_GetSoftwareStartConvStatus           0x080046c1   Thumb Code    20  stm32f10x_adc.o(.text)
    ADC_DiscModeChannelCountConfig           0x080046d5   Thumb Code    24  stm32f10x_adc.o(.text)
    ADC_DiscModeCmd                          0x080046ed   Thumb Code    22  stm32f10x_adc.o(.text)
    ADC_RegularChannelConfig                 0x08004703   Thumb Code   184  stm32f10x_adc.o(.text)
    ADC_ExternalTrigConvCmd                  0x080047bb   Thumb Code    22  stm32f10x_adc.o(.text)
    ADC_GetConversionValue                   0x080047d1   Thumb Code     8  stm32f10x_adc.o(.text)
    ADC_GetDualModeConversionValue           0x080047d9   Thumb Code     8  stm32f10x_adc.o(.text)
    ADC_AutoInjectedConvCmd                  0x080047e1   Thumb Code    22  stm32f10x_adc.o(.text)
    ADC_InjectedDiscModeCmd                  0x080047f7   Thumb Code    22  stm32f10x_adc.o(.text)
    ADC_ExternalTrigInjectedConvConfig       0x0800480d   Thumb Code    16  stm32f10x_adc.o(.text)
    ADC_ExternalTrigInjectedConvCmd          0x0800481d   Thumb Code    22  stm32f10x_adc.o(.text)
    ADC_SoftwareStartInjectedConvCmd         0x08004833   Thumb Code    22  stm32f10x_adc.o(.text)
    ADC_GetSoftwareStartInjectedConvCmdStatus 0x08004849   Thumb Code    20  stm32f10x_adc.o(.text)
    ADC_InjectedChannelConfig                0x0800485d   Thumb Code   130  stm32f10x_adc.o(.text)
    ADC_InjectedSequencerLengthConfig        0x080048df   Thumb Code    24  stm32f10x_adc.o(.text)
    ADC_SetInjectedOffset                    0x080048f7   Thumb Code    20  stm32f10x_adc.o(.text)
    ADC_GetInjectedConversionValue           0x0800490b   Thumb Code    28  stm32f10x_adc.o(.text)
    ADC_AnalogWatchdogCmd                    0x08004927   Thumb Code    16  stm32f10x_adc.o(.text)
    ADC_AnalogWatchdogThresholdsConfig       0x08004937   Thumb Code     6  stm32f10x_adc.o(.text)
    ADC_AnalogWatchdogSingleChannelConfig    0x0800493d   Thumb Code    16  stm32f10x_adc.o(.text)
    ADC_TempSensorVrefintCmd                 0x0800494d   Thumb Code    64  stm32f10x_adc.o(.text)
    ADC_GetFlagStatus                        0x0800498d   Thumb Code    18  stm32f10x_adc.o(.text)
    ADC_ClearFlag                            0x0800499f   Thumb Code     6  stm32f10x_adc.o(.text)
    ADC_GetITStatus                          0x080049a5   Thumb Code    36  stm32f10x_adc.o(.text)
    ADC_ClearITPendingBit                    0x080049c9   Thumb Code    10  stm32f10x_adc.o(.text)
    DMA_DeInit                               0x080049d5   Thumb Code   324  stm32f10x_dma.o(.text)
    DMA_Init                                 0x08004b19   Thumb Code    60  stm32f10x_dma.o(.text)
    DMA_StructInit                           0x08004b55   Thumb Code    26  stm32f10x_dma.o(.text)
    DMA_Cmd                                  0x08004b6f   Thumb Code    24  stm32f10x_dma.o(.text)
    DMA_ITConfig                             0x08004b87   Thumb Code    18  stm32f10x_dma.o(.text)
    DMA_SetCurrDataCounter                   0x08004b99   Thumb Code     4  stm32f10x_dma.o(.text)
    DMA_GetCurrDataCounter                   0x08004b9d   Thumb Code     8  stm32f10x_dma.o(.text)
    DMA_GetFlagStatus                        0x08004ba5   Thumb Code    40  stm32f10x_dma.o(.text)
    DMA_ClearFlag                            0x08004bcd   Thumb Code    22  stm32f10x_dma.o(.text)
    DMA_GetITStatus                          0x08004be3   Thumb Code    40  stm32f10x_dma.o(.text)
    DMA_ClearITPendingBit                    0x08004c0b   Thumb Code    22  stm32f10x_dma.o(.text)
    TIM_DeInit                               0x08004c29   Thumb Code   424  stm32f10x_tim.o(.text)
    TIM_TimeBaseInit                         0x08004dd1   Thumb Code   122  stm32f10x_tim.o(.text)
    TIM_OC1Init                              0x08004e4b   Thumb Code   132  stm32f10x_tim.o(.text)
    TIM_OC2Init                              0x08004ecf   Thumb Code   154  stm32f10x_tim.o(.text)
    TIM_OC3Init                              0x08004f69   Thumb Code   150  stm32f10x_tim.o(.text)
    TIM_OC4Init                              0x08004fff   Thumb Code   182  stm32f10x_tim.o(.text)
    TIM_SetIC4Prescaler                      0x080050b5   Thumb Code    26  stm32f10x_tim.o(.text)
    TIM_SetIC3Prescaler                      0x08005151   Thumb Code    18  stm32f10x_tim.o(.text)
    TIM_SetIC2Prescaler                      0x080051dd   Thumb Code    26  stm32f10x_tim.o(.text)
    TIM_SetIC1Prescaler                      0x08005279   Thumb Code    18  stm32f10x_tim.o(.text)
    TIM_ICInit                               0x080052f7   Thumb Code   150  stm32f10x_tim.o(.text)
    TIM_PWMIConfig                           0x0800538d   Thumb Code   124  stm32f10x_tim.o(.text)
    TIM_BDTRConfig                           0x08005409   Thumb Code    32  stm32f10x_tim.o(.text)
    TIM_TimeBaseStructInit                   0x08005429   Thumb Code    18  stm32f10x_tim.o(.text)
    TIM_OCStructInit                         0x0800543b   Thumb Code    20  stm32f10x_tim.o(.text)
    TIM_ICStructInit                         0x0800544f   Thumb Code    18  stm32f10x_tim.o(.text)
    TIM_BDTRStructInit                       0x08005461   Thumb Code    40  stm32f10x_tim.o(.text)
    TIM_Cmd                                  0x08005489   Thumb Code    24  stm32f10x_tim.o(.text)
    TIM_CtrlPWMOutputs                       0x080054a1   Thumb Code    30  stm32f10x_tim.o(.text)
    TIM_ITConfig                             0x080054bf   Thumb Code    18  stm32f10x_tim.o(.text)
    TIM_GenerateEvent                        0x080054d1   Thumb Code     4  stm32f10x_tim.o(.text)
    TIM_DMAConfig                            0x080054d5   Thumb Code    10  stm32f10x_tim.o(.text)
    TIM_DMACmd                               0x080054df   Thumb Code    18  stm32f10x_tim.o(.text)
    TIM_InternalClockConfig                  0x080054f1   Thumb Code    12  stm32f10x_tim.o(.text)
    TIM_SelectInputTrigger                   0x080054fd   Thumb Code    18  stm32f10x_tim.o(.text)
    TIM_ITRxExternalClockConfig              0x0800550f   Thumb Code    24  stm32f10x_tim.o(.text)
    TIM_TIxExternalClockConfig               0x08005527   Thumb Code    62  stm32f10x_tim.o(.text)
    TIM_ETRConfig                            0x08005565   Thumb Code    28  stm32f10x_tim.o(.text)
    TIM_ETRClockMode1Config                  0x08005581   Thumb Code    54  stm32f10x_tim.o(.text)
    TIM_ETRClockMode2Config                  0x080055b7   Thumb Code    32  stm32f10x_tim.o(.text)
    TIM_PrescalerConfig                      0x080055d7   Thumb Code     6  stm32f10x_tim.o(.text)
    TIM_CounterModeConfig                    0x080055dd   Thumb Code    18  stm32f10x_tim.o(.text)
    TIM_EncoderInterfaceConfig               0x080055ef   Thumb Code    66  stm32f10x_tim.o(.text)
    TIM_ForcedOC1Config                      0x08005631   Thumb Code    18  stm32f10x_tim.o(.text)
    TIM_ForcedOC2Config                      0x08005643   Thumb Code    26  stm32f10x_tim.o(.text)
    TIM_ForcedOC3Config                      0x0800565d   Thumb Code    18  stm32f10x_tim.o(.text)
    TIM_ForcedOC4Config                      0x0800566f   Thumb Code    26  stm32f10x_tim.o(.text)
    TIM_ARRPreloadConfig                     0x08005689   Thumb Code    24  stm32f10x_tim.o(.text)
    TIM_SelectCOM                            0x080056a1   Thumb Code    24  stm32f10x_tim.o(.text)
    TIM_SelectCCDMA                          0x080056b9   Thumb Code    24  stm32f10x_tim.o(.text)
    TIM_CCPreloadControl                     0x080056d1   Thumb Code    24  stm32f10x_tim.o(.text)
    TIM_OC1PreloadConfig                     0x080056e9   Thumb Code    18  stm32f10x_tim.o(.text)
    TIM_OC2PreloadConfig                     0x080056fb   Thumb Code    26  stm32f10x_tim.o(.text)
    TIM_OC3PreloadConfig                     0x08005715   Thumb Code    18  stm32f10x_tim.o(.text)
    TIM_OC4PreloadConfig                     0x08005727   Thumb Code    26  stm32f10x_tim.o(.text)
    TIM_OC1FastConfig                        0x08005741   Thumb Code    18  stm32f10x_tim.o(.text)
    TIM_OC2FastConfig                        0x08005753   Thumb Code    26  stm32f10x_tim.o(.text)
    TIM_OC3FastConfig                        0x0800576d   Thumb Code    18  stm32f10x_tim.o(.text)
    TIM_OC4FastConfig                        0x0800577f   Thumb Code    26  stm32f10x_tim.o(.text)
    TIM_ClearOC1Ref                          0x08005799   Thumb Code    18  stm32f10x_tim.o(.text)
    TIM_ClearOC2Ref                          0x080057ab   Thumb Code    24  stm32f10x_tim.o(.text)
    TIM_ClearOC3Ref                          0x080057c3   Thumb Code    18  stm32f10x_tim.o(.text)
    TIM_ClearOC4Ref                          0x080057d5   Thumb Code    24  stm32f10x_tim.o(.text)
    TIM_OC1PolarityConfig                    0x080057ed   Thumb Code    18  stm32f10x_tim.o(.text)
    TIM_OC1NPolarityConfig                   0x080057ff   Thumb Code    18  stm32f10x_tim.o(.text)
    TIM_OC2PolarityConfig                    0x08005811   Thumb Code    26  stm32f10x_tim.o(.text)
    TIM_OC2NPolarityConfig                   0x0800582b   Thumb Code    26  stm32f10x_tim.o(.text)
    TIM_OC3PolarityConfig                    0x08005845   Thumb Code    26  stm32f10x_tim.o(.text)
    TIM_OC3NPolarityConfig                   0x0800585f   Thumb Code    26  stm32f10x_tim.o(.text)
    TIM_OC4PolarityConfig                    0x08005879   Thumb Code    26  stm32f10x_tim.o(.text)
    TIM_CCxCmd                               0x08005893   Thumb Code    30  stm32f10x_tim.o(.text)
    TIM_CCxNCmd                              0x080058b1   Thumb Code    30  stm32f10x_tim.o(.text)
    TIM_SelectOCxM                           0x080058cf   Thumb Code    82  stm32f10x_tim.o(.text)
    TIM_UpdateDisableConfig                  0x08005921   Thumb Code    24  stm32f10x_tim.o(.text)
    TIM_UpdateRequestConfig                  0x08005939   Thumb Code    24  stm32f10x_tim.o(.text)
    TIM_SelectHallSensor                     0x08005951   Thumb Code    24  stm32f10x_tim.o(.text)
    TIM_SelectOnePulseMode                   0x08005969   Thumb Code    18  stm32f10x_tim.o(.text)
    TIM_SelectOutputTrigger                  0x0800597b   Thumb Code    18  stm32f10x_tim.o(.text)
    TIM_SelectSlaveMode                      0x0800598d   Thumb Code    18  stm32f10x_tim.o(.text)
    TIM_SelectMasterSlaveMode                0x0800599f   Thumb Code    18  stm32f10x_tim.o(.text)
    TIM_SetCounter                           0x080059b1   Thumb Code     4  stm32f10x_tim.o(.text)
    TIM_SetAutoreload                        0x080059b5   Thumb Code     4  stm32f10x_tim.o(.text)
    TIM_SetCompare1                          0x080059b9   Thumb Code     4  stm32f10x_tim.o(.text)
    TIM_SetCompare2                          0x080059bd   Thumb Code     4  stm32f10x_tim.o(.text)
    TIM_SetCompare3                          0x080059c1   Thumb Code     4  stm32f10x_tim.o(.text)
    TIM_SetCompare4                          0x080059c5   Thumb Code     6  stm32f10x_tim.o(.text)
    TIM_SetClockDivision                     0x080059cb   Thumb Code    18  stm32f10x_tim.o(.text)
    TIM_GetCapture1                          0x080059dd   Thumb Code     6  stm32f10x_tim.o(.text)
    TIM_GetCapture2                          0x080059e3   Thumb Code     6  stm32f10x_tim.o(.text)
    TIM_GetCapture3                          0x080059e9   Thumb Code     6  stm32f10x_tim.o(.text)
    TIM_GetCapture4                          0x080059ef   Thumb Code     8  stm32f10x_tim.o(.text)
    TIM_GetCounter                           0x080059f7   Thumb Code     6  stm32f10x_tim.o(.text)
    TIM_GetPrescaler                         0x080059fd   Thumb Code     6  stm32f10x_tim.o(.text)
    TIM_GetFlagStatus                        0x08005a03   Thumb Code    18  stm32f10x_tim.o(.text)
    TIM_ClearFlag                            0x08005a15   Thumb Code     6  stm32f10x_tim.o(.text)
    TIM_GetITStatus                          0x08005a1b   Thumb Code    34  stm32f10x_tim.o(.text)
    TIM_ClearITPendingBit                    0x08005a3d   Thumb Code     6  stm32f10x_tim.o(.text)
    PidSystick100                            0x08005a99   Thumb Code   832  pid.o(.text)
    InitPid                                  0x08005dd9   Thumb Code   120  pid.o(.text)
    __aeabi_memcpy                           0x08005e51   Thumb Code    36  memcpya.o(.text)
    __aeabi_memcpy4                          0x08005e51   Thumb Code     0  memcpya.o(.text)
    __aeabi_memcpy8                          0x08005e51   Thumb Code     0  memcpya.o(.text)
    __aeabi_memset                           0x08005e75   Thumb Code    14  memseta.o(.text)
    __aeabi_memset4                          0x08005e75   Thumb Code     0  memseta.o(.text)
    __aeabi_memset8                          0x08005e75   Thumb Code     0  memseta.o(.text)
    __aeabi_memclr                           0x08005e83   Thumb Code     4  memseta.o(.text)
    __aeabi_memclr4                          0x08005e83   Thumb Code     0  memseta.o(.text)
    __aeabi_memclr8                          0x08005e83   Thumb Code     0  memseta.o(.text)
    _memset$wrapper                          0x08005e87   Thumb Code    18  memseta.o(.text)
    strlen                                   0x08005e99   Thumb Code    14  strlen.o(.text)
    __aeabi_fadd                             0x08005ea7   Thumb Code   164  fadd.o(.text)
    __aeabi_fsub                             0x08005f4b   Thumb Code     6  fadd.o(.text)
    __aeabi_frsub                            0x08005f51   Thumb Code     6  fadd.o(.text)
    __aeabi_fmul                             0x08005f57   Thumb Code   100  fmul.o(.text)
    __aeabi_fdiv                             0x08005fbb   Thumb Code   124  fdiv.o(.text)
    __aeabi_dadd                             0x08006037   Thumb Code   322  dadd.o(.text)
    __aeabi_dsub                             0x08006179   Thumb Code     6  dadd.o(.text)
    __aeabi_drsub                            0x0800617f   Thumb Code     6  dadd.o(.text)
    __aeabi_dmul                             0x08006185   Thumb Code   228  dmul.o(.text)
    __aeabi_ddiv                             0x08006269   Thumb Code   222  ddiv.o(.text)
    __aeabi_i2f                              0x08006347   Thumb Code    18  fflti.o(.text)
    __aeabi_ui2f                             0x08006359   Thumb Code    10  ffltui.o(.text)
    __aeabi_i2d                              0x08006363   Thumb Code    34  dflti.o(.text)
    __aeabi_ui2d                             0x08006385   Thumb Code    26  dfltui.o(.text)
    __aeabi_f2iz                             0x0800639f   Thumb Code    50  ffixi.o(.text)
    __aeabi_f2uiz                            0x080063d1   Thumb Code    40  ffixui.o(.text)
    __aeabi_d2iz                             0x080063f9   Thumb Code    62  dfixi.o(.text)
    __aeabi_d2uiz                            0x08006437   Thumb Code    50  dfixui.o(.text)
    __aeabi_f2d                              0x08006469   Thumb Code    38  f2d.o(.text)
    __aeabi_cdcmpeq                          0x08006491   Thumb Code     0  cdcmple.o(.text)
    __aeabi_cdcmple                          0x08006491   Thumb Code    48  cdcmple.o(.text)
    __aeabi_cdrcmple                         0x080064c1   Thumb Code    48  cdrcmple.o(.text)
    __aeabi_d2f                              0x080064f1   Thumb Code    56  d2f.o(.text)
    __aeabi_cfcmpeq                          0x08006529   Thumb Code     0  cfcmple.o(.text)
    __aeabi_cfcmple                          0x08006529   Thumb Code    20  cfcmple.o(.text)
    __aeabi_cfrcmple                         0x0800653d   Thumb Code    20  cfrcmple.o(.text)
    __aeabi_uidiv                            0x08006551   Thumb Code     0  uidiv.o(.text)
    __aeabi_uidivmod                         0x08006551   Thumb Code    44  uidiv.o(.text)
    __aeabi_uldivmod                         0x0800657d   Thumb Code    98  uldiv.o(.text)
    __aeabi_llsl                             0x080065df   Thumb Code    30  llshl.o(.text)
    _ll_shift_l                              0x080065df   Thumb Code     0  llshl.o(.text)
    __aeabi_llsr                             0x080065fd   Thumb Code    32  llushr.o(.text)
    _ll_ushift_r                             0x080065fd   Thumb Code     0  llushr.o(.text)
    __aeabi_lasr                             0x0800661d   Thumb Code    36  llsshr.o(.text)
    _ll_sshift_r                             0x0800661d   Thumb Code     0  llsshr.o(.text)
    __I$use$fp                               0x08006641   Thumb Code     0  iusefp.o(.text)
    _float_round                             0x08006641   Thumb Code    18  fepilogue.o(.text)
    _float_epilogue                          0x08006653   Thumb Code    92  fepilogue.o(.text)
    _double_round                            0x080066af   Thumb Code    30  depilogue.o(.text)
    _double_epilogue                         0x080066cd   Thumb Code   156  depilogue.o(.text)
    __aeabi_d2ulz                            0x08006769   Thumb Code    48  dfixul.o(.text)
    __scatterload                            0x08006799   Thumb Code    28  init.o(.text)
    __scatterload_rt2                        0x08006799   Thumb Code     0  init.o(.text)
    __decompress                             0x080067bd   Thumb Code     0  __dczerorl2.o(.text)
    __decompress1                            0x080067bd   Thumb Code    86  __dczerorl2.o(.text)
    __0printf                                0x08006815   Thumb Code    22  printfa.o(i.__0printf)
    __1printf                                0x08006815   Thumb Code     0  printfa.o(i.__0printf)
    __2printf                                0x08006815   Thumb Code     0  printfa.o(i.__0printf)
    __c89printf                              0x08006815   Thumb Code     0  printfa.o(i.__0printf)
    printf                                   0x08006815   Thumb Code     0  printfa.o(i.__0printf)
    __0sprintf                               0x08006835   Thumb Code    34  printfa.o(i.__0sprintf)
    __1sprintf                               0x08006835   Thumb Code     0  printfa.o(i.__0sprintf)
    __2sprintf                               0x08006835   Thumb Code     0  printfa.o(i.__0sprintf)
    __c89sprintf                             0x08006835   Thumb Code     0  printfa.o(i.__0sprintf)
    sprintf                                  0x08006835   Thumb Code     0  printfa.o(i.__0sprintf)
    __0vsprintf                              0x0800685d   Thumb Code    30  printfa.o(i.__0vsprintf)
    __1vsprintf                              0x0800685d   Thumb Code     0  printfa.o(i.__0vsprintf)
    __2vsprintf                              0x0800685d   Thumb Code     0  printfa.o(i.__0vsprintf)
    __c89vsprintf                            0x0800685d   Thumb Code     0  printfa.o(i.__0vsprintf)
    vsprintf                                 0x0800685d   Thumb Code     0  printfa.o(i.__0vsprintf)
    __scatterload_copy                       0x08006881   Thumb Code    14  handlers.o(i.__scatterload_copy)
    __scatterload_null                       0x0800688f   Thumb Code     2  handlers.o(i.__scatterload_null)
    __scatterload_zeroinit                   0x08006891   Thumb Code    14  handlers.o(i.__scatterload_zeroinit)
    CrcHighBlock                             0x08007154   Data         256  modbus.o(.constdata)
    CrcLowBlock                              0x08007254   Data         256  modbus.o(.constdata)
    Array                                    0x08007354   Data           4  device_lcd.o(.constdata)
    Region$$Table$$Base                      0x080073e8   Number         0  anon$$obj.o(Region$$Table)
    Region$$Table$$Limit                     0x08007408   Number         0  anon$$obj.o(Region$$Table)
    Empty                                    0x20000008   Data           4  system.o(.data)
    CriticalNesting                          0x2000000c   Data           2  system.o(.data)
    RomBase                                  0x20000010   Data           4  system.o(.data)
    RamBase                                  0x20000014   Data           4  system.o(.data)
    AppDataPointer                           0x20000018   Data           4  system.o(.data)
    AppMenuPointer                           0x2000001c   Data           4  system.o(.data)
    System                                   0x20000020   Data         160  system.o(.data)
    CurrentTaskPointer                       0x200000c0   Data           4  os.o(.data)
    NextTaskPointer                          0x200000c4   Data           4  os.o(.data)
    SystemCoreClock                          0x20000198   Data           4  system_stm32f10x.o(.data)
    AHBPrescTable                            0x2000019c   Data          16  system_stm32f10x.o(.data)
    __stdout                                 0x200001c4   Data           4  stdout.o(.data)
    App                                      0x200001c8   Data         288  app.o(.bss)
    Pid                                      0x200018ec   Data          24  pid.o(.bss)
    __initial_sp                             0x20001d08   Data           0  startup_stm32f10x_md.o(STACK)



==============================================================================

Memory Map of the image

  Image Entry point : 0x080000ed

  Load Region LR_IROM1 (Base: 0x08000000, Size: 0x000075d0, Max: 0x00010000, ABSOLUTE, COMPRESSED[0x0000745c])

    Execution Region ER_IROM1 (Base: 0x08000000, Size: 0x00007408, Max: 0x00010000, ABSOLUTE)

    Base Addr    Size         Type   Attr      Idx    E Section Name        Object

    0x08000000   0x000000ec   Data   RO          490    RESET               startup_stm32f10x_md.o
    0x080000ec   0x00000000   Code   RO          667  * .ARM.Collect$$$$00000000  mc_w.l(entry.o)
    0x080000ec   0x00000004   Code   RO          979    .ARM.Collect$$$$00000001  mc_w.l(entry2.o)
    0x080000f0   0x00000004   Code   RO          982    .ARM.Collect$$$$00000004  mc_w.l(entry5.o)
    0x080000f4   0x00000000   Code   RO          984    .ARM.Collect$$$$00000008  mc_w.l(entry7b.o)
    0x080000f4   0x00000000   Code   RO          986    .ARM.Collect$$$$0000000A  mc_w.l(entry8b.o)
    0x080000f4   0x00000008   Code   RO          987    .ARM.Collect$$$$0000000B  mc_w.l(entry9a.o)
    0x080000fc   0x00000000   Code   RO          989    .ARM.Collect$$$$0000000D  mc_w.l(entry10a.o)
    0x080000fc   0x00000000   Code   RO          991    .ARM.Collect$$$$0000000F  mc_w.l(entry11a.o)
    0x080000fc   0x00000004   Code   RO          980    .ARM.Collect$$$$00002712  mc_w.l(entry2.o)
    0x08000100   0x0000003a   Code   RO          124    .emb_text           os.o
    0x0800013a   0x00000002   PAD
    0x0800013c   0x00000100   Code   RO            1    .text               app.o
    0x0800023c   0x000002e4   Code   RO           54    .text               logic.o
    0x08000520   0x000001d8   Code   RO           76    .text               menu.o
    0x080006f8   0x000000c4   Code   RO           92    .text               system.o
    0x080007bc   0x00000310   Code   RO          125    .text               os.o
    0x08000acc   0x0000094c   Code   RO          145    .text               gui.o
    0x08001418   0x00000048   Code   RO          167    .text               modbus.o
    0x08001460   0x00000540   Code   RO          185    .text               modbus_slave.o
    0x080019a0   0x00000074   Code   RO          200    .text               device.o
    0x08001a14   0x00000298   Code   RO          256    .text               device_adc.o
    0x08001cac   0x000000a4   Code   RO          275    .text               device_di.o
    0x08001d50   0x000003d8   Code   RO          287    .text               device_do.o
    0x08002128   0x00000334   Code   RO          299    .text               device_key.o
    0x0800245c   0x000001a4   Code   RO          313    .text               device_lcd.o
    0x08002600   0x000000b4   Code   RO          328    .text               device_rtc.o
    0x080026b4   0x000000e4   Code   RO          341    .text               device_timer.o
    0x08002798   0x00000470   Code   RO          356    .text               device_storage.o
    0x08002c08   0x000001c4   Code   RO          371    .text               device_systick.o
    0x08002dcc   0x00000264   Code   RO          389    .text               device_usart1.o
    0x08003030   0x00000168   Code   RO          403    .text               device_usart2.o
    0x08003198   0x00000048   Code   RO          417    .text               device_misc.o
    0x080031e0   0x000001e0   Code   RO          439    .text               system_stm32f10x.o
    0x080033c0   0x00000024   Code   RO          491    .text               startup_stm32f10x_md.o
    0x080033e4   0x00000408   Code   RO          495    .text               stm32f10x_usart.o
    0x080037ec   0x000000dc   Code   RO          538    .text               misc.o
    0x080038c8   0x0000035c   Code   RO          556    .text               stm32f10x_gpio.o
    0x08003c24   0x000003a4   Code   RO          571    .text               stm32f10x_rcc.o
    0x08003fc8   0x000005bc   Code   RO          588    .text               stm32f10x_flash.o
    0x08004584   0x0000044e   Code   RO          603    .text               stm32f10x_adc.o
    0x080049d2   0x00000002   PAD
    0x080049d4   0x00000254   Code   RO          618    .text               stm32f10x_dma.o
    0x08004c28   0x00000e1a   Code   RO          633    .text               stm32f10x_tim.o
    0x08005a42   0x00000002   PAD
    0x08005a44   0x0000040c   Code   RO          648    .text               pid.o
    0x08005e50   0x00000024   Code   RO          670    .text               mc_w.l(memcpya.o)
    0x08005e74   0x00000024   Code   RO          672    .text               mc_w.l(memseta.o)
    0x08005e98   0x0000000e   Code   RO          674    .text               mc_w.l(strlen.o)
    0x08005ea6   0x000000b0   Code   RO          939    .text               mf_w.l(fadd.o)
    0x08005f56   0x00000064   Code   RO          941    .text               mf_w.l(fmul.o)
    0x08005fba   0x0000007c   Code   RO          943    .text               mf_w.l(fdiv.o)
    0x08006036   0x0000014e   Code   RO          945    .text               mf_w.l(dadd.o)
    0x08006184   0x000000e4   Code   RO          947    .text               mf_w.l(dmul.o)
    0x08006268   0x000000de   Code   RO          949    .text               mf_w.l(ddiv.o)
    0x08006346   0x00000012   Code   RO          951    .text               mf_w.l(fflti.o)
    0x08006358   0x0000000a   Code   RO          953    .text               mf_w.l(ffltui.o)
    0x08006362   0x00000022   Code   RO          955    .text               mf_w.l(dflti.o)
    0x08006384   0x0000001a   Code   RO          957    .text               mf_w.l(dfltui.o)
    0x0800639e   0x00000032   Code   RO          959    .text               mf_w.l(ffixi.o)
    0x080063d0   0x00000028   Code   RO          961    .text               mf_w.l(ffixui.o)
    0x080063f8   0x0000003e   Code   RO          963    .text               mf_w.l(dfixi.o)
    0x08006436   0x00000032   Code   RO          965    .text               mf_w.l(dfixui.o)
    0x08006468   0x00000026   Code   RO          967    .text               mf_w.l(f2d.o)
    0x0800648e   0x00000002   PAD
    0x08006490   0x00000030   Code   RO          969    .text               mf_w.l(cdcmple.o)
    0x080064c0   0x00000030   Code   RO          971    .text               mf_w.l(cdrcmple.o)
    0x080064f0   0x00000038   Code   RO          973    .text               mf_w.l(d2f.o)
    0x08006528   0x00000014   Code   RO          975    .text               mf_w.l(cfcmple.o)
    0x0800653c   0x00000014   Code   RO          977    .text               mf_w.l(cfrcmple.o)
    0x08006550   0x0000002c   Code   RO          994    .text               mc_w.l(uidiv.o)
    0x0800657c   0x00000062   Code   RO          996    .text               mc_w.l(uldiv.o)
    0x080065de   0x0000001e   Code   RO          998    .text               mc_w.l(llshl.o)
    0x080065fc   0x00000020   Code   RO         1000    .text               mc_w.l(llushr.o)
    0x0800661c   0x00000024   Code   RO         1002    .text               mc_w.l(llsshr.o)
    0x08006640   0x00000000   Code   RO         1004    .text               mc_w.l(iusefp.o)
    0x08006640   0x0000006e   Code   RO         1005    .text               mf_w.l(fepilogue.o)
    0x080066ae   0x000000ba   Code   RO         1007    .text               mf_w.l(depilogue.o)
    0x08006768   0x00000030   Code   RO         1009    .text               mf_w.l(dfixul.o)
    0x08006798   0x00000024   Code   RO         1011    .text               mc_w.l(init.o)
    0x080067bc   0x00000056   Code   RO         1021    .text               mc_w.l(__dczerorl2.o)
    0x08006812   0x00000002   PAD
    0x08006814   0x00000020   Code   RO          911    i.__0printf         mc_w.l(printfa.o)
    0x08006834   0x00000028   Code   RO          913    i.__0sprintf        mc_w.l(printfa.o)
    0x0800685c   0x00000024   Code   RO          917    i.__0vsprintf       mc_w.l(printfa.o)
    0x08006880   0x0000000e   Code   RO         1015    i.__scatterload_copy  mc_w.l(handlers.o)
    0x0800688e   0x00000002   Code   RO         1016    i.__scatterload_null  mc_w.l(handlers.o)
    0x08006890   0x0000000e   Code   RO         1017    i.__scatterload_zeroinit  mc_w.l(handlers.o)
    0x0800689e   0x00000002   PAD
    0x080068a0   0x00000164   Code   RO          918    i._fp_digits        mc_w.l(printfa.o)
    0x08006a04   0x000006dc   Code   RO          919    i._printf_core      mc_w.l(printfa.o)
    0x080070e0   0x00000024   Code   RO          920    i._printf_post_padding  mc_w.l(printfa.o)
    0x08007104   0x0000002e   Code   RO          921    i._printf_pre_padding  mc_w.l(printfa.o)
    0x08007132   0x0000000a   Code   RO          923    i._sputc            mc_w.l(printfa.o)
    0x0800713c   0x00000008   Data   RO           78    .constdata          menu.o
    0x08007144   0x00000010   Data   RO           93    .constdata          system.o
    0x08007154   0x00000200   Data   RO          168    .constdata          modbus.o
    0x08007354   0x00000004   Data   RO          314    .constdata          device_lcd.o
    0x08007358   0x0000008f   Data   RO           79    .conststring        menu.o
    0x080073e7   0x00000001   PAD
    0x080073e8   0x00000020   Data   RO         1013    Region$$Table       anon$$obj.o


    Execution Region RW_IRAM1 (Base: 0x20000000, Size: 0x00001d08, Max: 0x00005000, ABSOLUTE, COMPRESSED[0x00000054])

    Base Addr    Size         Type   Attr      Idx    E Section Name        Object

    0x20000000   0x00000001   Data   RW           55    .data               logic.o
    0x20000001   0x00000003   PAD
    0x20000004   0x00000004   Data   RW           80    .data               menu.o
    0x20000008   0x000000b8   Data   RW           94    .data               system.o
    0x200000c0   0x00000008   Data   RW          127    .data               os.o
    0x200000c8   0x00000005   Data   RW          147    .data               gui.o
    0x200000cd   0x00000003   PAD
    0x200000d0   0x0000004e   Data   RW          187    .data               modbus_slave.o
    0x2000011e   0x0000000a   Data   RW          258    .data               device_adc.o
    0x20000128   0x00000010   Data   RW          300    .data               device_key.o
    0x20000138   0x00000001   Data   RW          329    .data               device_rtc.o
    0x20000139   0x00000003   PAD
    0x2000013c   0x00000008   Data   RW          343    .data               device_timer.o
    0x20000144   0x0000000c   Data   RW          358    .data               device_storage.o
    0x20000150   0x00000044   Data   RW          372    .data               device_systick.o
    0x20000194   0x00000004   Data   RW          404    .data               device_usart2.o
    0x20000198   0x00000014   Data   RW          440    .data               system_stm32f10x.o
    0x200001ac   0x00000014   Data   RW          572    .data               stm32f10x_rcc.o
    0x200001c0   0x00000004   Data   RW          650    .data               pid.o
    0x200001c4   0x00000004   Data   RW          993    .data               mc_w.l(stdout.o)
    0x200001c8   0x00000120   Zero   RW            2    .bss                app.o
    0x200002e8   0x000000e4   Zero   RW           77    .bss                menu.o
    0x200003cc   0x00000004   PAD
    0x200003d0   0x00000d50   Zero   RW          126    .bss                os.o
    0x20001120   0x00000120   Zero   RW          146    .bss                gui.o
    0x20001240   0x00000200   Zero   RW          186    .bss                modbus_slave.o
    0x20001440   0x00000064   Zero   RW          257    .bss                device_adc.o
    0x200014a4   0x00000040   Zero   RW          342    .bss                device_timer.o
    0x200014e4   0x0000000c   Zero   RW          357    .bss                device_storage.o
    0x200014f0   0x000003fc   Zero   RW          390    .bss                device_usart1.o
    0x200018ec   0x00000018   Zero   RW          649    .bss                pid.o
    0x20001904   0x00000004   PAD
    0x20001908   0x00000400   Zero   RW          488    STACK               startup_stm32f10x_md.o


==============================================================================

Image component sizes


      Code (inc. data)   RO Data    RW Data    ZI Data      Debug   Object Name

       256         40          0          0        288      12326   app.o
       116          8          0          0          0     261557   device.o
       664         64          0         10        100       2129   device_adc.o
       164         12          0          0          0        683   device_di.o
       984         68          0          0          0       2007   device_do.o
       820         60          0         16          0       1792   device_key.o
       420         24          4          0          0       1950   device_lcd.o
        72         16          0          0          0        627   device_misc.o
       180          8          0          1          0        527   device_rtc.o
      1136        248          0         12         12       3818   device_storage.o
       452         62          0         68          0      17333   device_systick.o
       228         28          0          8         64       1820   device_timer.o
       612         40          0          0       1020       2754   device_usart1.o
       360         30          0          4          0       2035   device_usart2.o
      2380        148          0          5        288       6990   gui.o
       740         58          0          1          0       1879   logic.o
       472         54        151          4        228       1488   menu.o
       220         22          0          0          0       3605   misc.o
        72         10        512          0          0       1366   modbus.o
      1344         70          0         78        512       4498   modbus_slave.o
       842         80          0          8       3408       3822   os.o
      1036         46          0          4         24       1922   pid.o
        36          8        236          0       1024        852   startup_stm32f10x_md.o
      1102         26          0          0          0      20009   stm32f10x_adc.o
       596          8          0          0          0      14290   stm32f10x_dma.o
      1468         34          0          0          0      14502   stm32f10x_flash.o
       860         38          0          0          0      14133   stm32f10x_gpio.o
       932         36          0         20          0      17684   stm32f10x_rcc.o
      3610         88          0          0          0      42608   stm32f10x_tim.o
      1032         22          0          0          0     225056   stm32f10x_usart.o
       196         40         16        184          0       9978   system.o
       480         38          0         20          0       1919   system_stm32f10x.o

    ----------------------------------------------------------------------
     23888       1534        952        452       6976     697959   Object Totals
         0          0         32          0          0          0   (incl. Generated)
         6          0          1          9          8          0   (incl. Padding)

    ----------------------------------------------------------------------

      Code (inc. data)   RO Data    RW Data    ZI Data      Debug   Library Member Name

        86          0          0          0          0          0   __dczerorl2.o
         0          0          0          0          0          0   entry.o
         0          0          0          0          0          0   entry10a.o
         0          0          0          0          0          0   entry11a.o
         8          4          0          0          0          0   entry2.o
         4          0          0          0          0          0   entry5.o
         0          0          0          0          0          0   entry7b.o
         0          0          0          0          0          0   entry8b.o
         8          4          0          0          0          0   entry9a.o
        30          0          0          0          0          0   handlers.o
        36          8          0          0          0         68   init.o
         0          0          0          0          0          0   iusefp.o
        30          0          0          0          0         68   llshl.o
        36          0          0          0          0         68   llsshr.o
        32          0          0          0          0         68   llushr.o
        36          0          0          0          0         68   memcpya.o
        36          0          0          0          0        108   memseta.o
      2312        102          0          0          0        676   printfa.o
         0          0          0          4          0          0   stdout.o
        14          0          0          0          0         68   strlen.o
        44          0          0          0          0         80   uidiv.o
        98          0          0          0          0         92   uldiv.o
        48          0          0          0          0         68   cdcmple.o
        48          0          0          0          0         68   cdrcmple.o
        20          0          0          0          0         68   cfcmple.o
        20          0          0          0          0         68   cfrcmple.o
        56          0          0          0          0         88   d2f.o
       334          0          0          0          0        148   dadd.o
       222          0          0          0          0        100   ddiv.o
       186          0          0          0          0        176   depilogue.o
        62          0          0          0          0         80   dfixi.o
        50          0          0          0          0         76   dfixui.o
        48          0          0          0          0         68   dfixul.o
        34          0          0          0          0         76   dflti.o
        26          0          0          0          0         76   dfltui.o
       228          0          0          0          0         96   dmul.o
        38          0          0          0          0         68   f2d.o
       176          0          0          0          0        140   fadd.o
       124          0          0          0          0         88   fdiv.o
       110          0          0          0          0        168   fepilogue.o
        50          0          0          0          0         68   ffixi.o
        40          0          0          0          0         68   ffixui.o
        18          0          0          0          0         68   fflti.o
        10          0          0          0          0         68   ffltui.o
       100          0          0          0          0         76   fmul.o

    ----------------------------------------------------------------------
      4864        118          0          4          0       3432   Library Totals
         6          0          0          0          0          0   (incl. Padding)

    ----------------------------------------------------------------------

      Code (inc. data)   RO Data    RW Data    ZI Data      Debug   Library Name

      2810        118          0          4          0       1364   mc_w.l
      2048          0          0          0          0       2068   mf_w.l

    ----------------------------------------------------------------------
      4864        118          0          4          0       3432   Library Totals

    ----------------------------------------------------------------------

==============================================================================


      Code (inc. data)   RO Data    RW Data    ZI Data      Debug   

     28752       1652        952        456       6976     696995   Grand Totals
     28752       1652        952         84       6976     696995   ELF Image Totals (compressed)
     28752       1652        952         84          0          0   ROM Totals

==============================================================================

    Total RO  Size (Code + RO Data)                29704 (  29.01kB)
    Total RW  Size (RW Data + ZI Data)              7432 (   7.26kB)
    Total ROM Size (Code + RO Data + RW Data)      29788 (  29.09kB)

==============================================================================

